// Jest Snapshot v1, https://goo.gl/fbAQLP

exports[`Background should render 1`] = `
<Background>
  <div>
    <div />
  </div>
</Background>
`;
