// Jest Snapshot v1, https://goo.gl/fbAQLP

exports[`Background / Elements should return wrapper with background image 1`] = `
<styled.div>
  <StyledComponent
    forwardedComponent={
      Object {
        "$$typeof": Symbol(react.forward_ref),
        "attrs": Array [],
        "componentStyle": ComponentStyle {
          "componentId": "sc-bdVaJa",
          "isStatic": true,
          "lastClassName": "cZuEeF",
          "rules": Array [
            "
  background: url(",
            "default: rock-background.jpg;",
            ") no-repeat;
  background-size: cover;
  background-position: center;
  width: 100%;
  height: 100%;
  position: absolute;
  z-index: -1;
  filter: blur(5px);
",
          ],
        },
        "displayName": "styled.div",
        "foldedComponentIds": Array [],
        "render": [Function],
        "styledComponentId": "sc-bdVaJa",
        "target": "div",
        "toString": [Function],
        "warnTooManyClasses": [Function],
        "withComponent": [Function],
      }
    }
    forwardedRef={null}
  >
    <div
      className="sc-bdVaJa cZuEeF"
    />
  </StyledComponent>
</styled.div>
`;
